/home/lab/ros2_ws/install/drone_landing/lib/python3.10/site-packages/drone_landing/controller_deploy_test.py
/home/lab/ros2_ws/install/drone_landing/lib/python3.10/site-packages/drone_landing/main_alpha_landing_LOS.py
/home/lab/ros2_ws/install/drone_landing/lib/python3.10/site-packages/drone_landing/main_alpha_landing.py
/home/lab/ros2_ws/install/drone_landing/lib/python3.10/site-packages/drone_landing/main_rising_test.py
/home/lab/ros2_ws/install/drone_landing/lib/python3.10/site-packages/drone_landing/controller_deploy_LOS_no_Transition.py
/home/lab/ros2_ws/install/drone_landing/lib/python3.10/site-packages/drone_landing/controller_deploy.py
/home/lab/ros2_ws/install/drone_landing/lib/python3.10/site-packages/drone_landing/controller_deploy_LOS.py
/home/lab/ros2_ws/install/drone_landing/lib/python3.10/site-packages/drone_landing/__init__.py
/home/lab/ros2_ws/install/drone_landing/lib/python3.10/site-packages/drone_landing/__pycache__/controller_deploy_test.cpython-310.pyc
/home/lab/ros2_ws/install/drone_landing/lib/python3.10/site-packages/drone_landing/__pycache__/main_alpha_landing_LOS.cpython-310.pyc
/home/lab/ros2_ws/install/drone_landing/lib/python3.10/site-packages/drone_landing/__pycache__/main_alpha_landing.cpython-310.pyc
/home/lab/ros2_ws/install/drone_landing/lib/python3.10/site-packages/drone_landing/__pycache__/main_rising_test.cpython-310.pyc
/home/lab/ros2_ws/install/drone_landing/lib/python3.10/site-packages/drone_landing/__pycache__/controller_deploy_LOS_no_Transition.cpython-310.pyc
/home/lab/ros2_ws/install/drone_landing/lib/python3.10/site-packages/drone_landing/__pycache__/controller_deploy.cpython-310.pyc
/home/lab/ros2_ws/install/drone_landing/lib/python3.10/site-packages/drone_landing/__pycache__/controller_deploy_LOS.cpython-310.pyc
/home/lab/ros2_ws/install/drone_landing/lib/python3.10/site-packages/drone_landing/__pycache__/__init__.cpython-310.pyc
/home/lab/ros2_ws/install/drone_landing/share/ament_index/resource_index/packages/drone_landing
/home/lab/ros2_ws/install/drone_landing/share/drone_landing/package.xml
/home/lab/ros2_ws/install/drone_landing/share/drone_landing/launch/landing.launch.py
/home/lab/ros2_ws/install/drone_landing/lib/python3.10/site-packages/drone_landing-0.1.0-py3.10.egg-info/PKG-INFO
/home/lab/ros2_ws/install/drone_landing/lib/python3.10/site-packages/drone_landing-0.1.0-py3.10.egg-info/zip-safe
/home/lab/ros2_ws/install/drone_landing/lib/python3.10/site-packages/drone_landing-0.1.0-py3.10.egg-info/requires.txt
/home/lab/ros2_ws/install/drone_landing/lib/python3.10/site-packages/drone_landing-0.1.0-py3.10.egg-info/top_level.txt
/home/lab/ros2_ws/install/drone_landing/lib/python3.10/site-packages/drone_landing-0.1.0-py3.10.egg-info/entry_points.txt
/home/lab/ros2_ws/install/drone_landing/lib/python3.10/site-packages/drone_landing-0.1.0-py3.10.egg-info/dependency_links.txt
/home/lab/ros2_ws/install/drone_landing/lib/python3.10/site-packages/drone_landing-0.1.0-py3.10.egg-info/SOURCES.txt
/home/lab/ros2_ws/install/drone_landing/lib/drone_landing/landing_node
/home/lab/ros2_ws/install/drone_landing/lib/drone_landing/rising_test_node
