[0.319s] Invoking command in '/home/lab/ros2_ws/src/drone_landing': PYTHONPATH=/home/lab/ros2_ws/build/drone_landing/prefix_override:/usr/lib/python3/dist-packages/colcon_core/task/python/colcon_distutils_commands:/home/lab/ros2_ws/install/drone_landing/lib/python3.10/site-packages:${PYTHONPATH} /usr/bin/python3 -W ignore:setup.py install is deprecated -W ignore:easy_install command is deprecated setup.py egg_info --egg-base ../../build/drone_landing build --build-base /home/lab/ros2_ws/build/drone_landing/build install --record /home/lab/ros2_ws/build/drone_landing/install.log --install-scripts $base/lib/drone_landing --single-version-externally-managed install_data
[0.439s] running egg_info
[0.440s] creating ../../build/drone_landing/drone_landing.egg-info
[0.440s] writing ../../build/drone_landing/drone_landing.egg-info/PKG-INFO
[0.440s] writing dependency_links to ../../build/drone_landing/drone_landing.egg-info/dependency_links.txt
[0.440s] writing entry points to ../../build/drone_landing/drone_landing.egg-info/entry_points.txt
[0.440s] writing requirements to ../../build/drone_landing/drone_landing.egg-info/requires.txt
[0.440s] writing top-level names to ../../build/drone_landing/drone_landing.egg-info/top_level.txt
[0.440s] writing manifest file '../../build/drone_landing/drone_landing.egg-info/SOURCES.txt'
[0.441s] reading manifest file '../../build/drone_landing/drone_landing.egg-info/SOURCES.txt'
[0.441s] writing manifest file '../../build/drone_landing/drone_landing.egg-info/SOURCES.txt'
[0.441s] running build
[0.441s] running build_py
[0.441s] creating /home/lab/ros2_ws/build/drone_landing/build
[0.441s] creating /home/lab/ros2_ws/build/drone_landing/build/lib
[0.441s] creating /home/lab/ros2_ws/build/drone_landing/build/lib/drone_landing
[0.441s] copying drone_landing/main_alpha_landing_LOS.py -> /home/lab/ros2_ws/build/drone_landing/build/lib/drone_landing
[0.441s] copying drone_landing/main_alpha_landing.py -> /home/lab/ros2_ws/build/drone_landing/build/lib/drone_landing
[0.441s] copying drone_landing/controller_deploy_LOS_no_Transition.py -> /home/lab/ros2_ws/build/drone_landing/build/lib/drone_landing
[0.441s] copying drone_landing/controller_deploy.py -> /home/lab/ros2_ws/build/drone_landing/build/lib/drone_landing
[0.442s] copying drone_landing/controller_deploy_LOS.py -> /home/lab/ros2_ws/build/drone_landing/build/lib/drone_landing
[0.442s] copying drone_landing/__init__.py -> /home/lab/ros2_ws/build/drone_landing/build/lib/drone_landing
[0.442s] running install
[0.442s] running install_lib
[0.442s] creating /home/lab/ros2_ws/install/drone_landing/lib/python3.10/site-packages/drone_landing
[0.442s] copying /home/lab/ros2_ws/build/drone_landing/build/lib/drone_landing/main_alpha_landing_LOS.py -> /home/lab/ros2_ws/install/drone_landing/lib/python3.10/site-packages/drone_landing
[0.442s] copying /home/lab/ros2_ws/build/drone_landing/build/lib/drone_landing/main_alpha_landing.py -> /home/lab/ros2_ws/install/drone_landing/lib/python3.10/site-packages/drone_landing
[0.442s] copying /home/lab/ros2_ws/build/drone_landing/build/lib/drone_landing/controller_deploy_LOS_no_Transition.py -> /home/lab/ros2_ws/install/drone_landing/lib/python3.10/site-packages/drone_landing
[0.442s] copying /home/lab/ros2_ws/build/drone_landing/build/lib/drone_landing/controller_deploy.py -> /home/lab/ros2_ws/install/drone_landing/lib/python3.10/site-packages/drone_landing
[0.442s] copying /home/lab/ros2_ws/build/drone_landing/build/lib/drone_landing/controller_deploy_LOS.py -> /home/lab/ros2_ws/install/drone_landing/lib/python3.10/site-packages/drone_landing
[0.442s] copying /home/lab/ros2_ws/build/drone_landing/build/lib/drone_landing/__init__.py -> /home/lab/ros2_ws/install/drone_landing/lib/python3.10/site-packages/drone_landing
[0.442s] byte-compiling /home/lab/ros2_ws/install/drone_landing/lib/python3.10/site-packages/drone_landing/main_alpha_landing_LOS.py to main_alpha_landing_LOS.cpython-310.pyc
[0.446s] byte-compiling /home/lab/ros2_ws/install/drone_landing/lib/python3.10/site-packages/drone_landing/main_alpha_landing.py to main_alpha_landing.cpython-310.pyc
[0.449s] byte-compiling /home/lab/ros2_ws/install/drone_landing/lib/python3.10/site-packages/drone_landing/controller_deploy_LOS_no_Transition.py to controller_deploy_LOS_no_Transition.cpython-310.pyc
[0.450s] byte-compiling /home/lab/ros2_ws/install/drone_landing/lib/python3.10/site-packages/drone_landing/controller_deploy.py to controller_deploy.cpython-310.pyc
[0.452s] byte-compiling /home/lab/ros2_ws/install/drone_landing/lib/python3.10/site-packages/drone_landing/controller_deploy_LOS.py to controller_deploy_LOS.cpython-310.pyc
[0.453s] byte-compiling /home/lab/ros2_ws/install/drone_landing/lib/python3.10/site-packages/drone_landing/__init__.py to __init__.cpython-310.pyc
[0.453s] running install_data
[0.453s] creating /home/lab/ros2_ws/install/drone_landing/share/ament_index
[0.453s] creating /home/lab/ros2_ws/install/drone_landing/share/ament_index/resource_index
[0.453s] creating /home/lab/ros2_ws/install/drone_landing/share/ament_index/resource_index/packages
[0.453s] copying resource/drone_landing -> /home/lab/ros2_ws/install/drone_landing/share/ament_index/resource_index/packages
[0.453s] copying package.xml -> /home/lab/ros2_ws/install/drone_landing/share/drone_landing
[0.453s] creating /home/lab/ros2_ws/install/drone_landing/share/drone_landing/launch
[0.453s] copying launch/landing.launch.py -> /home/lab/ros2_ws/install/drone_landing/share/drone_landing/launch
[0.453s] running install_egg_info
[0.454s] Copying ../../build/drone_landing/drone_landing.egg-info to /home/lab/ros2_ws/install/drone_landing/lib/python3.10/site-packages/drone_landing-0.1.0-py3.10.egg-info
[0.454s] running install_scripts
[0.466s] Installing landing_node script to /home/lab/ros2_ws/install/drone_landing/lib/drone_landing
[0.466s] writing list of installed files to '/home/lab/ros2_ws/build/drone_landing/install.log'
[0.480s] Invoked command in '/home/lab/ros2_ws/src/drone_landing' returned '0': PYTHONPATH=/home/lab/ros2_ws/build/drone_landing/prefix_override:/usr/lib/python3/dist-packages/colcon_core/task/python/colcon_distutils_commands:/home/lab/ros2_ws/install/drone_landing/lib/python3.10/site-packages:${PYTHONPATH} /usr/bin/python3 -W ignore:setup.py install is deprecated -W ignore:easy_install command is deprecated setup.py egg_info --egg-base ../../build/drone_landing build --build-base /home/lab/ros2_ws/build/drone_landing/build install --record /home/lab/ros2_ws/build/drone_landing/install.log --install-scripts $base/lib/drone_landing --single-version-externally-managed install_data
