[0.053s] DEBUG:colcon:Command line arguments: ['/usr/bin/colcon', 'build']
[0.053s] DEBUG:colcon:Parsed command line arguments: Namespace(log_base=None, log_level=None, verb_name='build', build_base='build', install_base='install', merge_install=False, symlink_install=False, test_result_base=None, continue_on_error=False, executor='parallel', parallel_workers=12, event_handlers=None, ignore_user_meta=False, metas=['./colcon.meta'], base_paths=['.'], packages_ignore=None, packages_ignore_regex=None, paths=None, packages_up_to=None, packages_up_to_regex=None, packages_above=None, packages_above_and_dependencies=None, packages_above_depth=None, packages_select_by_dep=None, packages_skip_by_dep=None, packages_skip_up_to=None, packages_select_build_failed=False, packages_skip_build_finished=False, packages_select_test_failures=False, packages_skip_test_passed=False, packages_select=None, packages_skip=None, packages_select_regex=None, packages_skip_regex=None, packages_start=None, packages_end=None, allow_overriding=[], cmake_args=None, cmake_target=None, cmake_target_skip_unavailable=False, cmake_clean_cache=False, cmake_clean_first=False, cmake_force_configure=False, ament_cmake_args=None, catkin_cmake_args=None, catkin_skip_building_tests=False, verb_parser=<colcon_defaults.argument_parser.defaults.DefaultArgumentsDecorator object at 0x74e2a9c68c40>, verb_extension=<colcon_core.verb.build.BuildVerb object at 0x74e2a9c68730>, main=<bound method BuildVerb.main of <colcon_core.verb.build.BuildVerb object at 0x74e2a9c68730>>)
[0.136s] Level 1:colcon.colcon_core.package_discovery:discover_packages(colcon_meta) check parameters
[0.136s] Level 1:colcon.colcon_core.package_discovery:discover_packages(recursive) check parameters
[0.136s] Level 1:colcon.colcon_core.package_discovery:discover_packages(ignore) check parameters
[0.136s] Level 1:colcon.colcon_core.package_discovery:discover_packages(path) check parameters
[0.136s] Level 1:colcon.colcon_core.package_discovery:discover_packages(colcon_meta) discover
[0.136s] Level 1:colcon.colcon_core.package_discovery:discover_packages(recursive) discover
[0.136s] INFO:colcon.colcon_core.package_discovery:Crawling recursively for packages in '/home/lab/ros2_ws'
[0.136s] Level 1:colcon.colcon_core.package_identification:_identify(.) by extensions ['ignore', 'ignore_ament_install']
[0.136s] Level 1:colcon.colcon_core.package_identification:_identify(.) by extension 'ignore'
[0.136s] Level 1:colcon.colcon_core.package_identification:_identify(.) by extension 'ignore_ament_install'
[0.136s] Level 1:colcon.colcon_core.package_identification:_identify(.) by extensions ['colcon_pkg']
[0.136s] Level 1:colcon.colcon_core.package_identification:_identify(.) by extension 'colcon_pkg'
[0.136s] Level 1:colcon.colcon_core.package_identification:_identify(.) by extensions ['colcon_meta']
[0.136s] Level 1:colcon.colcon_core.package_identification:_identify(.) by extension 'colcon_meta'
[0.136s] Level 1:colcon.colcon_core.package_identification:_identify(.) by extensions ['ros']
[0.136s] Level 1:colcon.colcon_core.package_identification:_identify(.) by extension 'ros'
[0.142s] Level 1:colcon.colcon_core.package_identification:_identify(.) by extensions ['cmake', 'python']
[0.142s] Level 1:colcon.colcon_core.package_identification:_identify(.) by extension 'cmake'
[0.142s] Level 1:colcon.colcon_core.package_identification:_identify(.) by extension 'python'
[0.142s] Level 1:colcon.colcon_core.package_identification:_identify(.) by extensions ['python_setup_py']
[0.142s] Level 1:colcon.colcon_core.package_identification:_identify(.) by extension 'python_setup_py'
[0.142s] Level 1:colcon.colcon_core.package_identification:_identify(build) by extensions ['ignore', 'ignore_ament_install']
[0.142s] Level 1:colcon.colcon_core.package_identification:_identify(build) by extension 'ignore'
[0.142s] Level 1:colcon.colcon_core.package_identification:_identify(build) ignored
[0.142s] Level 1:colcon.colcon_core.package_identification:_identify(install) by extensions ['ignore', 'ignore_ament_install']
[0.142s] Level 1:colcon.colcon_core.package_identification:_identify(install) by extension 'ignore'
[0.142s] Level 1:colcon.colcon_core.package_identification:_identify(install) ignored
[0.142s] Level 1:colcon.colcon_core.package_identification:_identify(last_run_plots) by extensions ['ignore', 'ignore_ament_install']
[0.142s] Level 1:colcon.colcon_core.package_identification:_identify(last_run_plots) by extension 'ignore'
[0.142s] Level 1:colcon.colcon_core.package_identification:_identify(last_run_plots) by extension 'ignore_ament_install'
[0.142s] Level 1:colcon.colcon_core.package_identification:_identify(last_run_plots) by extensions ['colcon_pkg']
[0.142s] Level 1:colcon.colcon_core.package_identification:_identify(last_run_plots) by extension 'colcon_pkg'
[0.142s] Level 1:colcon.colcon_core.package_identification:_identify(last_run_plots) by extensions ['colcon_meta']
[0.142s] Level 1:colcon.colcon_core.package_identification:_identify(last_run_plots) by extension 'colcon_meta'
[0.143s] Level 1:colcon.colcon_core.package_identification:_identify(last_run_plots) by extensions ['ros']
[0.143s] Level 1:colcon.colcon_core.package_identification:_identify(last_run_plots) by extension 'ros'
[0.143s] Level 1:colcon.colcon_core.package_identification:_identify(last_run_plots) by extensions ['cmake', 'python']
[0.143s] Level 1:colcon.colcon_core.package_identification:_identify(last_run_plots) by extension 'cmake'
[0.143s] Level 1:colcon.colcon_core.package_identification:_identify(last_run_plots) by extension 'python'
[0.143s] Level 1:colcon.colcon_core.package_identification:_identify(last_run_plots) by extensions ['python_setup_py']
[0.143s] Level 1:colcon.colcon_core.package_identification:_identify(last_run_plots) by extension 'python_setup_py'
[0.143s] Level 1:colcon.colcon_core.package_identification:_identify(last_run_plots/First_Run) by extensions ['ignore', 'ignore_ament_install']
[0.143s] Level 1:colcon.colcon_core.package_identification:_identify(last_run_plots/First_Run) by extension 'ignore'
[0.143s] Level 1:colcon.colcon_core.package_identification:_identify(last_run_plots/First_Run) by extension 'ignore_ament_install'
[0.143s] Level 1:colcon.colcon_core.package_identification:_identify(last_run_plots/First_Run) by extensions ['colcon_pkg']
[0.143s] Level 1:colcon.colcon_core.package_identification:_identify(last_run_plots/First_Run) by extension 'colcon_pkg'
[0.143s] Level 1:colcon.colcon_core.package_identification:_identify(last_run_plots/First_Run) by extensions ['colcon_meta']
[0.143s] Level 1:colcon.colcon_core.package_identification:_identify(last_run_plots/First_Run) by extension 'colcon_meta'
[0.143s] Level 1:colcon.colcon_core.package_identification:_identify(last_run_plots/First_Run) by extensions ['ros']
[0.143s] Level 1:colcon.colcon_core.package_identification:_identify(last_run_plots/First_Run) by extension 'ros'
[0.143s] Level 1:colcon.colcon_core.package_identification:_identify(last_run_plots/First_Run) by extensions ['cmake', 'python']
[0.143s] Level 1:colcon.colcon_core.package_identification:_identify(last_run_plots/First_Run) by extension 'cmake'
[0.143s] Level 1:colcon.colcon_core.package_identification:_identify(last_run_plots/First_Run) by extension 'python'
[0.143s] Level 1:colcon.colcon_core.package_identification:_identify(last_run_plots/First_Run) by extensions ['python_setup_py']
[0.143s] Level 1:colcon.colcon_core.package_identification:_identify(last_run_plots/First_Run) by extension 'python_setup_py'
[0.143s] Level 1:colcon.colcon_core.package_identification:_identify(last_run_plots/First_Run_Higher_CMD) by extensions ['ignore', 'ignore_ament_install']
[0.143s] Level 1:colcon.colcon_core.package_identification:_identify(last_run_plots/First_Run_Higher_CMD) by extension 'ignore'
[0.143s] Level 1:colcon.colcon_core.package_identification:_identify(last_run_plots/First_Run_Higher_CMD) by extension 'ignore_ament_install'
[0.143s] Level 1:colcon.colcon_core.package_identification:_identify(last_run_plots/First_Run_Higher_CMD) by extensions ['colcon_pkg']
[0.143s] Level 1:colcon.colcon_core.package_identification:_identify(last_run_plots/First_Run_Higher_CMD) by extension 'colcon_pkg'
[0.143s] Level 1:colcon.colcon_core.package_identification:_identify(last_run_plots/First_Run_Higher_CMD) by extensions ['colcon_meta']
[0.143s] Level 1:colcon.colcon_core.package_identification:_identify(last_run_plots/First_Run_Higher_CMD) by extension 'colcon_meta'
[0.143s] Level 1:colcon.colcon_core.package_identification:_identify(last_run_plots/First_Run_Higher_CMD) by extensions ['ros']
[0.143s] Level 1:colcon.colcon_core.package_identification:_identify(last_run_plots/First_Run_Higher_CMD) by extension 'ros'
[0.143s] Level 1:colcon.colcon_core.package_identification:_identify(last_run_plots/First_Run_Higher_CMD) by extensions ['cmake', 'python']
[0.143s] Level 1:colcon.colcon_core.package_identification:_identify(last_run_plots/First_Run_Higher_CMD) by extension 'cmake'
[0.143s] Level 1:colcon.colcon_core.package_identification:_identify(last_run_plots/First_Run_Higher_CMD) by extension 'python'
[0.143s] Level 1:colcon.colcon_core.package_identification:_identify(last_run_plots/First_Run_Higher_CMD) by extensions ['python_setup_py']
[0.143s] Level 1:colcon.colcon_core.package_identification:_identify(last_run_plots/First_Run_Higher_CMD) by extension 'python_setup_py'
[0.143s] Level 1:colcon.colcon_core.package_identification:_identify(last_run_plots/Second-Run_Higher_CMD) by extensions ['ignore', 'ignore_ament_install']
[0.143s] Level 1:colcon.colcon_core.package_identification:_identify(last_run_plots/Second-Run_Higher_CMD) by extension 'ignore'
[0.143s] Level 1:colcon.colcon_core.package_identification:_identify(last_run_plots/Second-Run_Higher_CMD) by extension 'ignore_ament_install'
[0.143s] Level 1:colcon.colcon_core.package_identification:_identify(last_run_plots/Second-Run_Higher_CMD) by extensions ['colcon_pkg']
[0.143s] Level 1:colcon.colcon_core.package_identification:_identify(last_run_plots/Second-Run_Higher_CMD) by extension 'colcon_pkg'
[0.143s] Level 1:colcon.colcon_core.package_identification:_identify(last_run_plots/Second-Run_Higher_CMD) by extensions ['colcon_meta']
[0.143s] Level 1:colcon.colcon_core.package_identification:_identify(last_run_plots/Second-Run_Higher_CMD) by extension 'colcon_meta'
[0.143s] Level 1:colcon.colcon_core.package_identification:_identify(last_run_plots/Second-Run_Higher_CMD) by extensions ['ros']
[0.143s] Level 1:colcon.colcon_core.package_identification:_identify(last_run_plots/Second-Run_Higher_CMD) by extension 'ros'
[0.143s] Level 1:colcon.colcon_core.package_identification:_identify(last_run_plots/Second-Run_Higher_CMD) by extensions ['cmake', 'python']
[0.143s] Level 1:colcon.colcon_core.package_identification:_identify(last_run_plots/Second-Run_Higher_CMD) by extension 'cmake'
[0.143s] Level 1:colcon.colcon_core.package_identification:_identify(last_run_plots/Second-Run_Higher_CMD) by extension 'python'
[0.143s] Level 1:colcon.colcon_core.package_identification:_identify(last_run_plots/Second-Run_Higher_CMD) by extensions ['python_setup_py']
[0.144s] Level 1:colcon.colcon_core.package_identification:_identify(last_run_plots/Second-Run_Higher_CMD) by extension 'python_setup_py'
[0.144s] Level 1:colcon.colcon_core.package_identification:_identify(last_run_plots/best_run_cf2_fixed) by extensions ['ignore', 'ignore_ament_install']
[0.144s] Level 1:colcon.colcon_core.package_identification:_identify(last_run_plots/best_run_cf2_fixed) by extension 'ignore'
[0.144s] Level 1:colcon.colcon_core.package_identification:_identify(last_run_plots/best_run_cf2_fixed) by extension 'ignore_ament_install'
[0.144s] Level 1:colcon.colcon_core.package_identification:_identify(last_run_plots/best_run_cf2_fixed) by extensions ['colcon_pkg']
[0.144s] Level 1:colcon.colcon_core.package_identification:_identify(last_run_plots/best_run_cf2_fixed) by extension 'colcon_pkg'
[0.144s] Level 1:colcon.colcon_core.package_identification:_identify(last_run_plots/best_run_cf2_fixed) by extensions ['colcon_meta']
[0.144s] Level 1:colcon.colcon_core.package_identification:_identify(last_run_plots/best_run_cf2_fixed) by extension 'colcon_meta'
[0.144s] Level 1:colcon.colcon_core.package_identification:_identify(last_run_plots/best_run_cf2_fixed) by extensions ['ros']
[0.144s] Level 1:colcon.colcon_core.package_identification:_identify(last_run_plots/best_run_cf2_fixed) by extension 'ros'
[0.144s] Level 1:colcon.colcon_core.package_identification:_identify(last_run_plots/best_run_cf2_fixed) by extensions ['cmake', 'python']
[0.144s] Level 1:colcon.colcon_core.package_identification:_identify(last_run_plots/best_run_cf2_fixed) by extension 'cmake'
[0.144s] Level 1:colcon.colcon_core.package_identification:_identify(last_run_plots/best_run_cf2_fixed) by extension 'python'
[0.144s] Level 1:colcon.colcon_core.package_identification:_identify(last_run_plots/best_run_cf2_fixed) by extensions ['python_setup_py']
[0.144s] Level 1:colcon.colcon_core.package_identification:_identify(last_run_plots/best_run_cf2_fixed) by extension 'python_setup_py'
[0.144s] Level 1:colcon.colcon_core.package_identification:_identify(last_run_plots/first_2_flights) by extensions ['ignore', 'ignore_ament_install']
[0.144s] Level 1:colcon.colcon_core.package_identification:_identify(last_run_plots/first_2_flights) by extension 'ignore'
[0.144s] Level 1:colcon.colcon_core.package_identification:_identify(last_run_plots/first_2_flights) by extension 'ignore_ament_install'
[0.144s] Level 1:colcon.colcon_core.package_identification:_identify(last_run_plots/first_2_flights) by extensions ['colcon_pkg']
[0.144s] Level 1:colcon.colcon_core.package_identification:_identify(last_run_plots/first_2_flights) by extension 'colcon_pkg'
[0.144s] Level 1:colcon.colcon_core.package_identification:_identify(last_run_plots/first_2_flights) by extensions ['colcon_meta']
[0.144s] Level 1:colcon.colcon_core.package_identification:_identify(last_run_plots/first_2_flights) by extension 'colcon_meta'
[0.144s] Level 1:colcon.colcon_core.package_identification:_identify(last_run_plots/first_2_flights) by extensions ['ros']
[0.144s] Level 1:colcon.colcon_core.package_identification:_identify(last_run_plots/first_2_flights) by extension 'ros'
[0.144s] Level 1:colcon.colcon_core.package_identification:_identify(last_run_plots/first_2_flights) by extensions ['cmake', 'python']
[0.144s] Level 1:colcon.colcon_core.package_identification:_identify(last_run_plots/first_2_flights) by extension 'cmake'
[0.144s] Level 1:colcon.colcon_core.package_identification:_identify(last_run_plots/first_2_flights) by extension 'python'
[0.144s] Level 1:colcon.colcon_core.package_identification:_identify(last_run_plots/first_2_flights) by extensions ['python_setup_py']
[0.144s] Level 1:colcon.colcon_core.package_identification:_identify(last_run_plots/first_2_flights) by extension 'python_setup_py'
[0.144s] Level 1:colcon.colcon_core.package_identification:_identify(log) by extensions ['ignore', 'ignore_ament_install']
[0.144s] Level 1:colcon.colcon_core.package_identification:_identify(log) by extension 'ignore'
[0.144s] Level 1:colcon.colcon_core.package_identification:_identify(log) ignored
[0.144s] Level 1:colcon.colcon_core.package_identification:_identify(src) by extensions ['ignore', 'ignore_ament_install']
[0.144s] Level 1:colcon.colcon_core.package_identification:_identify(src) by extension 'ignore'
[0.144s] Level 1:colcon.colcon_core.package_identification:_identify(src) by extension 'ignore_ament_install'
[0.144s] Level 1:colcon.colcon_core.package_identification:_identify(src) by extensions ['colcon_pkg']
[0.144s] Level 1:colcon.colcon_core.package_identification:_identify(src) by extension 'colcon_pkg'
[0.144s] Level 1:colcon.colcon_core.package_identification:_identify(src) by extensions ['colcon_meta']
[0.144s] Level 1:colcon.colcon_core.package_identification:_identify(src) by extension 'colcon_meta'
[0.144s] Level 1:colcon.colcon_core.package_identification:_identify(src) by extensions ['ros']
[0.144s] Level 1:colcon.colcon_core.package_identification:_identify(src) by extension 'ros'
[0.144s] Level 1:colcon.colcon_core.package_identification:_identify(src) by extensions ['cmake', 'python']
[0.144s] Level 1:colcon.colcon_core.package_identification:_identify(src) by extension 'cmake'
[0.144s] Level 1:colcon.colcon_core.package_identification:_identify(src) by extension 'python'
[0.144s] Level 1:colcon.colcon_core.package_identification:_identify(src) by extensions ['python_setup_py']
[0.144s] Level 1:colcon.colcon_core.package_identification:_identify(src) by extension 'python_setup_py'
[0.145s] Level 1:colcon.colcon_core.package_identification:_identify(src/drone_landing) by extensions ['ignore', 'ignore_ament_install']
[0.145s] Level 1:colcon.colcon_core.package_identification:_identify(src/drone_landing) by extension 'ignore'
[0.145s] Level 1:colcon.colcon_core.package_identification:_identify(src/drone_landing) by extension 'ignore_ament_install'
[0.145s] Level 1:colcon.colcon_core.package_identification:_identify(src/drone_landing) by extensions ['colcon_pkg']
[0.145s] Level 1:colcon.colcon_core.package_identification:_identify(src/drone_landing) by extension 'colcon_pkg'
[0.145s] Level 1:colcon.colcon_core.package_identification:_identify(src/drone_landing) by extensions ['colcon_meta']
[0.145s] Level 1:colcon.colcon_core.package_identification:_identify(src/drone_landing) by extension 'colcon_meta'
[0.145s] Level 1:colcon.colcon_core.package_identification:_identify(src/drone_landing) by extensions ['ros']
[0.145s] Level 1:colcon.colcon_core.package_identification:_identify(src/drone_landing) by extension 'ros'
[0.146s] DEBUG:colcon.colcon_core.package_identification:Package 'src/drone_landing' with type 'ros.ament_python' and name 'drone_landing'
[0.146s] Level 1:colcon.colcon_core.package_discovery:discover_packages(recursive) using defaults
[0.146s] Level 1:colcon.colcon_core.package_discovery:discover_packages(ignore) discover
[0.146s] Level 1:colcon.colcon_core.package_discovery:discover_packages(ignore) using defaults
[0.146s] Level 1:colcon.colcon_core.package_discovery:discover_packages(path) discover
[0.146s] Level 1:colcon.colcon_core.package_discovery:discover_packages(path) using defaults
[0.163s] Level 1:colcon.colcon_core.package_discovery:discover_packages(prefix_path) check parameters
[0.163s] Level 1:colcon.colcon_core.package_discovery:discover_packages(prefix_path) discover
[0.164s] WARNING:colcon.colcon_ros.prefix_path.ament:The path '/home/lab/ros2_ws/install/drone_landing' in the environment variable AMENT_PREFIX_PATH doesn't exist
[0.164s] DEBUG:colcon.colcon_installed_package_information.package_discovery:Found 0 installed packages in /home/lab/ros2_ws/install
[0.165s] DEBUG:colcon.colcon_installed_package_information.package_discovery:Found 380 installed packages in /opt/ros/humble
[0.166s] Level 1:colcon.colcon_core.package_discovery:discover_packages(prefix_path) using defaults
[0.189s] Level 5:colcon.colcon_core.verb:set package 'drone_landing' build argument 'cmake_args' from command line to 'None'
[0.189s] Level 5:colcon.colcon_core.verb:set package 'drone_landing' build argument 'cmake_target' from command line to 'None'
[0.189s] Level 5:colcon.colcon_core.verb:set package 'drone_landing' build argument 'cmake_target_skip_unavailable' from command line to 'False'
[0.189s] Level 5:colcon.colcon_core.verb:set package 'drone_landing' build argument 'cmake_clean_cache' from command line to 'False'
[0.189s] Level 5:colcon.colcon_core.verb:set package 'drone_landing' build argument 'cmake_clean_first' from command line to 'False'
[0.189s] Level 5:colcon.colcon_core.verb:set package 'drone_landing' build argument 'cmake_force_configure' from command line to 'False'
[0.189s] Level 5:colcon.colcon_core.verb:set package 'drone_landing' build argument 'ament_cmake_args' from command line to 'None'
[0.189s] Level 5:colcon.colcon_core.verb:set package 'drone_landing' build argument 'catkin_cmake_args' from command line to 'None'
[0.189s] Level 5:colcon.colcon_core.verb:set package 'drone_landing' build argument 'catkin_skip_building_tests' from command line to 'False'
[0.189s] DEBUG:colcon.colcon_core.verb:Building package 'drone_landing' with the following arguments: {'ament_cmake_args': None, 'build_base': '/home/lab/ros2_ws/build/drone_landing', 'catkin_cmake_args': None, 'catkin_skip_building_tests': False, 'cmake_args': None, 'cmake_clean_cache': False, 'cmake_clean_first': False, 'cmake_force_configure': False, 'cmake_target': None, 'cmake_target_skip_unavailable': False, 'install_base': '/home/lab/ros2_ws/install/drone_landing', 'merge_install': False, 'path': '/home/lab/ros2_ws/src/drone_landing', 'symlink_install': False, 'test_result_base': None}
[0.189s] INFO:colcon.colcon_core.executor:Executing jobs using 'parallel' executor
[0.190s] DEBUG:colcon.colcon_parallel_executor.executor.parallel:run_until_complete
[0.190s] INFO:colcon.colcon_ros.task.ament_python.build:Building ROS package in '/home/lab/ros2_ws/src/drone_landing' with build type 'ament_python'
[0.190s] Level 1:colcon.colcon_core.shell:create_environment_hook('drone_landing', 'ament_prefix_path')
[0.191s] INFO:colcon.colcon_core.plugin_system:Skipping extension 'colcon_core.shell.bat': Not used on non-Windows systems
[0.191s] INFO:colcon.colcon_core.shell:Creating environment hook '/home/lab/ros2_ws/install/drone_landing/share/drone_landing/hook/ament_prefix_path.ps1'
[0.191s] INFO:colcon.colcon_core.shell:Creating environment descriptor '/home/lab/ros2_ws/install/drone_landing/share/drone_landing/hook/ament_prefix_path.dsv'
[0.191s] INFO:colcon.colcon_core.shell:Creating environment hook '/home/lab/ros2_ws/install/drone_landing/share/drone_landing/hook/ament_prefix_path.sh'
[0.192s] INFO:colcon.colcon_core.shell:Skip shell extension 'powershell' for command environment: Not usable outside of PowerShell
[0.192s] DEBUG:colcon.colcon_core.shell:Skip shell extension 'dsv' for command environment
[0.332s] INFO:colcon.colcon_core.task.python.build:Building Python package in '/home/lab/ros2_ws/src/drone_landing'
[0.332s] INFO:colcon.colcon_core.shell:Skip shell extension 'powershell' for command environment: Not usable outside of PowerShell
[0.332s] DEBUG:colcon.colcon_core.shell:Skip shell extension 'dsv' for command environment
[0.533s] DEBUG:colcon.colcon_core.task.python.build:Available setuptools commands: dist_info, check, saveopts, compile_catalog, sdist, setopt, develop, test, clean, egg_info, build_ext, update_catalog, build, bdist_egg, init_catalog, alias, install_egg_info, symlink_data, build_scripts, bdist_dumb, install, register, upload, rotate, install_data, bdist, upload_docs, build_clib, install_headers, install_scripts, easy_install, build_py, extract_messages, bdist_rpm, install_lib, bdist_wheel
[0.536s] DEBUG:colcon.colcon_core.event_handler.log_command:Invoking command in '/home/lab/ros2_ws/src/drone_landing': PYTHONPATH=/home/lab/ros2_ws/build/drone_landing/prefix_override:/usr/lib/python3/dist-packages/colcon_core/task/python/colcon_distutils_commands:/home/lab/ros2_ws/install/drone_landing/lib/python3.10/site-packages:${PYTHONPATH} /usr/bin/python3 -W ignore:setup.py install is deprecated -W ignore:easy_install command is deprecated setup.py egg_info --egg-base ../../build/drone_landing build --build-base /home/lab/ros2_ws/build/drone_landing/build install --record /home/lab/ros2_ws/build/drone_landing/install.log --install-scripts $base/lib/drone_landing --single-version-externally-managed install_data
[0.703s] DEBUG:colcon.colcon_core.event_handler.log_command:Invoked command in '/home/lab/ros2_ws/src/drone_landing' returned '0': PYTHONPATH=/home/lab/ros2_ws/build/drone_landing/prefix_override:/usr/lib/python3/dist-packages/colcon_core/task/python/colcon_distutils_commands:/home/lab/ros2_ws/install/drone_landing/lib/python3.10/site-packages:${PYTHONPATH} /usr/bin/python3 -W ignore:setup.py install is deprecated -W ignore:easy_install command is deprecated setup.py egg_info --egg-base ../../build/drone_landing build --build-base /home/lab/ros2_ws/build/drone_landing/build install --record /home/lab/ros2_ws/build/drone_landing/install.log --install-scripts $base/lib/drone_landing --single-version-externally-managed install_data
[0.704s] Level 1:colcon.colcon_core.environment:checking '/home/lab/ros2_ws/install/drone_landing' for CMake module files
[0.704s] Level 1:colcon.colcon_core.environment:checking '/home/lab/ros2_ws/install/drone_landing' for CMake config files
[0.704s] Level 1:colcon.colcon_core.environment:checking '/home/lab/ros2_ws/install/drone_landing/lib'
[0.704s] Level 1:colcon.colcon_core.environment:checking '/home/lab/ros2_ws/install/drone_landing/bin'
[0.704s] Level 1:colcon.colcon_core.environment:checking '/home/lab/ros2_ws/install/drone_landing/lib/pkgconfig/drone_landing.pc'
[0.704s] Level 1:colcon.colcon_core.environment:checking '/home/lab/ros2_ws/install/drone_landing/lib/python3.10/site-packages'
[0.704s] Level 1:colcon.colcon_core.shell:create_environment_hook('drone_landing', 'pythonpath')
[0.704s] INFO:colcon.colcon_core.shell:Creating environment hook '/home/lab/ros2_ws/install/drone_landing/share/drone_landing/hook/pythonpath.ps1'
[0.705s] INFO:colcon.colcon_core.shell:Creating environment descriptor '/home/lab/ros2_ws/install/drone_landing/share/drone_landing/hook/pythonpath.dsv'
[0.705s] INFO:colcon.colcon_core.shell:Creating environment hook '/home/lab/ros2_ws/install/drone_landing/share/drone_landing/hook/pythonpath.sh'
[0.705s] Level 1:colcon.colcon_core.environment:checking '/home/lab/ros2_ws/install/drone_landing/bin'
[0.705s] Level 1:colcon.colcon_core.environment:create_environment_scripts_only(drone_landing)
[0.705s] INFO:colcon.colcon_core.shell:Creating package script '/home/lab/ros2_ws/install/drone_landing/share/drone_landing/package.ps1'
[0.706s] INFO:colcon.colcon_core.shell:Creating package descriptor '/home/lab/ros2_ws/install/drone_landing/share/drone_landing/package.dsv'
[0.706s] INFO:colcon.colcon_core.shell:Creating package script '/home/lab/ros2_ws/install/drone_landing/share/drone_landing/package.sh'
[0.707s] INFO:colcon.colcon_core.shell:Creating package script '/home/lab/ros2_ws/install/drone_landing/share/drone_landing/package.bash'
[0.707s] INFO:colcon.colcon_core.shell:Creating package script '/home/lab/ros2_ws/install/drone_landing/share/drone_landing/package.zsh'
[0.707s] Level 1:colcon.colcon_core.environment:create_file_with_runtime_dependencies(/home/lab/ros2_ws/install/drone_landing/share/colcon-core/packages/drone_landing)
[0.707s] DEBUG:colcon.colcon_parallel_executor.executor.parallel:closing loop
[0.707s] DEBUG:colcon.colcon_parallel_executor.executor.parallel:loop closed
[0.707s] DEBUG:colcon.colcon_parallel_executor.executor.parallel:run_until_complete finished with '0'
[0.707s] DEBUG:colcon.colcon_core.event_reactor:joining thread
[0.712s] INFO:colcon.colcon_core.plugin_system:Skipping extension 'colcon_notification.desktop_notification.terminal_notifier': Not used on non-Darwin systems
[0.712s] INFO:colcon.colcon_core.plugin_system:Skipping extension 'colcon_notification.desktop_notification.win32': Not used on non-Windows systems
[0.712s] INFO:colcon.colcon_notification.desktop_notification:Sending desktop notification using 'notify2'
[0.719s] DEBUG:colcon.colcon_core.event_reactor:joined thread
[0.720s] INFO:colcon.colcon_core.shell:Creating prefix script '/home/lab/ros2_ws/install/local_setup.ps1'
[0.720s] INFO:colcon.colcon_core.shell:Creating prefix util module '/home/lab/ros2_ws/install/_local_setup_util_ps1.py'
[0.721s] INFO:colcon.colcon_core.shell:Creating prefix chain script '/home/lab/ros2_ws/install/setup.ps1'
[0.722s] INFO:colcon.colcon_core.shell:Creating prefix script '/home/lab/ros2_ws/install/local_setup.sh'
[0.722s] INFO:colcon.colcon_core.shell:Creating prefix util module '/home/lab/ros2_ws/install/_local_setup_util_sh.py'
[0.722s] INFO:colcon.colcon_core.shell:Creating prefix chain script '/home/lab/ros2_ws/install/setup.sh'
[0.722s] INFO:colcon.colcon_core.shell:Creating prefix script '/home/lab/ros2_ws/install/local_setup.bash'
[0.723s] INFO:colcon.colcon_core.shell:Creating prefix chain script '/home/lab/ros2_ws/install/setup.bash'
[0.723s] INFO:colcon.colcon_core.shell:Creating prefix script '/home/lab/ros2_ws/install/local_setup.zsh'
[0.723s] INFO:colcon.colcon_core.shell:Creating prefix chain script '/home/lab/ros2_ws/install/setup.zsh'
